[   16940ms] [WARNING] [startup] initialization warning: Error: database init timed out after 3500ms
    at http://localhost:8091/node_modules/.pnpm/expo-router@6.0.19_@expo+metro-runtime@6.1.2_@types+react@19.1.17_expo-constants@18.0.12_expo_3sj2ycfapbhp6boklfcgjzvrty/node_modules/expo-router/entry.bundle?platform=web&dev=true&hot=false&lazy=true&transform.routerRoot=app&transform.reactCompiler=true:154850:35 @ http://localhost:8091/node_modules/.pnpm/expo-router@6.0.19_@expo+metro-runtime@6.1.2_@types+react@19.1.17_expo-constants@18.0.12_expo_3sj2ycfapbhp6boklfcgjzvrty/node_modules/expo-router/entry.bundle?platform=web&dev=true&hot=false&lazy=true&transform.routerRoot=app&transform.reactCompiler=true:154864
[   17900ms] [WARNING] props.pointerEvents is deprecated. Use style.pointerEvents @ http://localhost:8091/node_modules/.pnpm/expo-router@6.0.19_@expo+metro-runtime@6.1.2_@types+react@19.1.17_expo-constants@18.0.12_expo_3sj2ycfapbhp6boklfcgjzvrty/node_modules/expo-router/entry.bundle?platform=web&dev=true&hot=false&lazy=true&transform.routerRoot=app&transform.reactCompiler=true:5607
[   18096ms] [WARNING] "shadow*" style props are deprecated. Use "boxShadow". @ http://localhost:8091/node_modules/.pnpm/expo-router@6.0.19_@expo+metro-runtime@6.1.2_@types+react@19.1.17_expo-constants@18.0.12_expo_3sj2ycfapbhp6boklfcgjzvrty/node_modules/expo-router/entry.bundle?platform=web&dev=true&hot=false&lazy=true&transform.routerRoot=app&transform.reactCompiler=true:5607
[  893052ms] [ERROR] Failed to load resource: net::ERR_CONNECTION_REFUSED @ http://localhost:3000/api/driver/dashboard:0
[  893053ms] [ERROR] [API] Request failed: TypeError: Failed to fetch
    at http://localhost:8091/node_modules/.pnpm/expo-router@6.0.19_@expo+metro-runtime@6.1.2_@types+react@19.1.17_expo-constants@18.0.12_expo_3sj2ycfapbhp6boklfcgjzvrty/node_modules/expo-router/entry.bundle?platform=web&dev=true&hot=false&lazy=true&transform.routerRoot=app&transform.reactCompiler=true:142042:24
    at apiCall (http://localhost:8091/node_modules/.pnpm/expo-router@6.0.19_@expo+metro-runtime@6.1.2_@types+react@19.1.17_expo-constants@18.0.12_expo_3sj2ycfapbhp6boklfcgjzvrty/node_modules/expo-router/entry.bundle?platform=web&dev=true&hot=false&lazy=true&transform.routerRoot=app&transform.reactCompiler=true:142050:9) @ http://localhost:8091/node_modules/.pnpm/expo-router@6.0.19_@expo+metro-runtime@6.1.2_@types+react@19.1.17_expo-constants@18.0.12_expo_3sj2ycfapbhp6boklfcgjzvrty/node_modules/expo-router/entry.bundle?platform=web&dev=true&hot=false&lazy=true&transform.routerRoot=app&transform.reactCompiler=true:28958
[  897257ms] [WARNING] Disconnected from Metro (1006: "").

To reconnect:
- Ensure that Metro is running and available on the same network
- Reload this app (will trigger further help if Metro cannot be connected to)
       @ http://localhost:8091/node_modules/.pnpm/expo-router@6.0.19_@expo+metro-runtime@6.1.2_@types+react@19.1.17_expo-constants@18.0.12_expo_3sj2ycfapbhp6boklfcgjzvrty/node_modules/expo-router/entry.bundle?platform=web&dev=true&hot=false&lazy=true&transform.routerRoot=app&transform.reactCompiler=true:52749
[  897500ms] [ERROR] Failed to load resource: net::ERR_CONNECTION_REFUSED @ http://localhost:3000/api/driver/requests:0
[  897502ms] [ERROR] [API] Request failed: TypeError: Failed to fetch
    at http://localhost:8091/node_modules/.pnpm/expo-router@6.0.19_@expo+metro-runtime@6.1.2_@types+react@19.1.17_expo-constants@18.0.12_expo_3sj2ycfapbhp6boklfcgjzvrty/node_modules/expo-router/entry.bundle?platform=web&dev=true&hot=false&lazy=true&transform.routerRoot=app&transform.reactCompiler=true:142042:24
    at apiCall (http://localhost:8091/node_modules/.pnpm/expo-router@6.0.19_@expo+metro-runtime@6.1.2_@types+react@19.1.17_expo-constants@18.0.12_expo_3sj2ycfapbhp6boklfcgjzvrty/node_modules/expo-router/entry.bundle?platform=web&dev=true&hot=false&lazy=true&transform.routerRoot=app&transform.reactCompiler=true:142050:9) @ http://localhost:8091/node_modules/.pnpm/expo-router@6.0.19_@expo+metro-runtime@6.1.2_@types+react@19.1.17_expo-constants@18.0.12_expo_3sj2ycfapbhp6boklfcgjzvrty/node_modules/expo-router/entry.bundle?platform=web&dev=true&hot=false&lazy=true&transform.routerRoot=app&transform.reactCompiler=true:28958
[  898071ms] [ERROR] Failed to load resource: net::ERR_CONNECTION_REFUSED @ http://localhost:3000/api/driver/dashboard:0
[  898071ms] [ERROR] [API] Request failed: TypeError: Failed to fetch
    at http://localhost:8091/node_modules/.pnpm/expo-router@6.0.19_@expo+metro-runtime@6.1.2_@types+react@19.1.17_expo-constants@18.0.12_expo_3sj2ycfapbhp6boklfcgjzvrty/node_modules/expo-router/entry.bundle?platform=web&dev=true&hot=false&lazy=true&transform.routerRoot=app&transform.reactCompiler=true:142042:24
    at apiCall (http://localhost:8091/node_modules/.pnpm/expo-router@6.0.19_@expo+metro-runtime@6.1.2_@types+react@19.1.17_expo-constants@18.0.12_expo_3sj2ycfapbhp6boklfcgjzvrty/node_modules/expo-router/entry.bundle?platform=web&dev=true&hot=false&lazy=true&transform.routerRoot=app&transform.reactCompiler=true:142050:9) @ http://localhost:8091/node_modules/.pnpm/expo-router@6.0.19_@expo+metro-runtime@6.1.2_@types+react@19.1.17_expo-constants@18.0.12_expo_3sj2ycfapbhp6boklfcgjzvrty/node_modules/expo-router/entry.bundle?platform=web&dev=true&hot=false&lazy=true&transform.routerRoot=app&transform.reactCompiler=true:28958
[  902497ms] [ERROR] Failed to load resource: net::ERR_CONNECTION_REFUSED @ http://localhost:3000/api/driver/requests:0
[  902497ms] [ERROR] [API] Request failed: TypeError: Failed to fetch
    at http://localhost:8091/node_modules/.pnpm/expo-router@6.0.19_@expo+metro-runtime@6.1.2_@types+react@19.1.17_expo-constants@18.0.12_expo_3sj2ycfapbhp6boklfcgjzvrty/node_modules/expo-router/entry.bundle?platform=web&dev=true&hot=false&lazy=true&transform.routerRoot=app&transform.reactCompiler=true:142042:24
    at apiCall (http://localhost:8091/node_modules/.pnpm/expo-router@6.0.19_@expo+metro-runtime@6.1.2_@types+react@19.1.17_expo-constants@18.0.12_expo_3sj2ycfapbhp6boklfcgjzvrty/node_modules/expo-router/entry.bundle?platform=web&dev=true&hot=false&lazy=true&transform.routerRoot=app&transform.reactCompiler=true:142050:9) @ http://localhost:8091/node_modules/.pnpm/expo-router@6.0.19_@expo+metro-runtime@6.1.2_@types+react@19.1.17_expo-constants@18.0.12_expo_3sj2ycfapbhp6boklfcgjzvrty/node_modules/expo-router/entry.bundle?platform=web&dev=true&hot=false&lazy=true&transform.routerRoot=app&transform.reactCompiler=true:28958
[  903051ms] [ERROR] Failed to load resource: net::ERR_CONNECTION_REFUSED @ http://localhost:3000/api/driver/dashboard:0
[  903051ms] [ERROR] [API] Request failed: TypeError: Failed to fetch
    at http://localhost:8091/node_modules/.pnpm/expo-router@6.0.19_@expo+metro-runtime@6.1.2_@types+react@19.1.17_expo-constants@18.0.12_expo_3sj2ycfapbhp6boklfcgjzvrty/node_modules/expo-router/entry.bundle?platform=web&dev=true&hot=false&lazy=true&transform.routerRoot=app&transform.reactCompiler=true:142042:24
    at apiCall (http://localhost:8091/node_modules/.pnpm/expo-router@6.0.19_@expo+metro-runtime@6.1.2_@types+react@19.1.17_expo-constants@18.0.12_expo_3sj2ycfapbhp6boklfcgjzvrty/node_modules/expo-router/entry.bundle?platform=web&dev=true&hot=false&lazy=true&transform.routerRoot=app&transform.reactCompiler=true:142050:9) @ http://localhost:8091/node_modules/.pnpm/expo-router@6.0.19_@expo+metro-runtime@6.1.2_@types+react@19.1.17_expo-constants@18.0.12_expo_3sj2ycfapbhp6boklfcgjzvrty/node_modules/expo-router/entry.bundle?platform=web&dev=true&hot=false&lazy=true&transform.routerRoot=app&transform.reactCompiler=true:28958
[  907500ms] [ERROR] Failed to load resource: net::ERR_CONNECTION_REFUSED @ http://localhost:3000/api/driver/requests:0
[  907500ms] [ERROR] [API] Request failed: TypeError: Failed to fetch
    at http://localhost:8091/node_modules/.pnpm/expo-router@6.0.19_@expo+metro-runtime@6.1.2_@types+react@19.1.17_expo-constants@18.0.12_expo_3sj2ycfapbhp6boklfcgjzvrty/node_modules/expo-router/entry.bundle?platform=web&dev=true&hot=false&lazy=true&transform.routerRoot=app&transform.reactCompiler=true:142042:24
    at apiCall (http://localhost:8091/node_modules/.pnpm/expo-router@6.0.19_@expo+metro-runtime@6.1.2_@types+react@19.1.17_expo-constants@18.0.12_expo_3sj2ycfapbhp6boklfcgjzvrty/node_modules/expo-router/entry.bundle?platform=web&dev=true&hot=false&lazy=true&transform.routerRoot=app&transform.reactCompiler=true:142050:9) @ http://localhost:8091/node_modules/.pnpm/expo-router@6.0.19_@expo+metro-runtime@6.1.2_@types+react@19.1.17_expo-constants@18.0.12_expo_3sj2ycfapbhp6boklfcgjzvrty/node_modules/expo-router/entry.bundle?platform=web&dev=true&hot=false&lazy=true&transform.routerRoot=app&transform.reactCompiler=true:28958
[  908048ms] [ERROR] Failed to load resource: net::ERR_CONNECTION_REFUSED @ http://localhost:3000/api/driver/dashboard:0
[  908048ms] [ERROR] [API] Request failed: TypeError: Failed to fetch
    at http://localhost:8091/node_modules/.pnpm/expo-router@6.0.19_@expo+metro-runtime@6.1.2_@types+react@19.1.17_expo-constants@18.0.12_expo_3sj2ycfapbhp6boklfcgjzvrty/node_modules/expo-router/entry.bundle?platform=web&dev=true&hot=false&lazy=true&transform.routerRoot=app&transform.reactCompiler=true:142042:24
    at apiCall (http://localhost:8091/node_modules/.pnpm/expo-router@6.0.19_@expo+metro-runtime@6.1.2_@types+react@19.1.17_expo-constants@18.0.12_expo_3sj2ycfapbhp6boklfcgjzvrty/node_modules/expo-router/entry.bundle?platform=web&dev=true&hot=false&lazy=true&transform.routerRoot=app&transform.reactCompiler=true:142050:9) @ http://localhost:8091/node_modules/.pnpm/expo-router@6.0.19_@expo+metro-runtime@6.1.2_@types+react@19.1.17_expo-constants@18.0.12_expo_3sj2ycfapbhp6boklfcgjzvrty/node_modules/expo-router/entry.bundle?platform=web&dev=true&hot=false&lazy=true&transform.routerRoot=app&transform.reactCompiler=true:28958
[  912504ms] [ERROR] Failed to load resource: net::ERR_CONNECTION_REFUSED @ http://localhost:3000/api/driver/requests:0
[  912504ms] [ERROR] [API] Request failed: TypeError: Failed to fetch
    at http://localhost:8091/node_modules/.pnpm/expo-router@6.0.19_@expo+metro-runtime@6.1.2_@types+react@19.1.17_expo-constants@18.0.12_expo_3sj2ycfapbhp6boklfcgjzvrty/node_modules/expo-router/entry.bundle?platform=web&dev=true&hot=false&lazy=true&transform.routerRoot=app&transform.reactCompiler=true:142042:24
    at apiCall (http://localhost:8091/node_modules/.pnpm/expo-router@6.0.19_@expo+metro-runtime@6.1.2_@types+react@19.1.17_expo-constants@18.0.12_expo_3sj2ycfapbhp6boklfcgjzvrty/node_modules/expo-router/entry.bundle?platform=web&dev=true&hot=false&lazy=true&transform.routerRoot=app&transform.reactCompiler=true:142050:9) @ http://localhost:8091/node_modules/.pnpm/expo-router@6.0.19_@expo+metro-runtime@6.1.2_@types+react@19.1.17_expo-constants@18.0.12_expo_3sj2ycfapbhp6boklfcgjzvrty/node_modules/expo-router/entry.bundle?platform=web&dev=true&hot=false&lazy=true&transform.routerRoot=app&transform.reactCompiler=true:28958
[  913047ms] [ERROR] Failed to load resource: net::ERR_CONNECTION_REFUSED @ http://localhost:3000/api/driver/dashboard:0
[  913048ms] [ERROR] [API] Request failed: TypeError: Failed to fetch
    at http://localhost:8091/node_modules/.pnpm/expo-router@6.0.19_@expo+metro-runtime@6.1.2_@types+react@19.1.17_expo-constants@18.0.12_expo_3sj2ycfapbhp6boklfcgjzvrty/node_modules/expo-router/entry.bundle?platform=web&dev=true&hot=false&lazy=true&transform.routerRoot=app&transform.reactCompiler=true:142042:24
    at apiCall (http://localhost:8091/node_modules/.pnpm/expo-router@6.0.19_@expo+metro-runtime@6.1.2_@types+react@19.1.17_expo-constants@18.0.12_expo_3sj2ycfapbhp6boklfcgjzvrty/node_modules/expo-router/entry.bundle?platform=web&dev=true&hot=false&lazy=true&transform.routerRoot=app&transform.reactCompiler=true:142050:9) @ http://localhost:8091/node_modules/.pnpm/expo-router@6.0.19_@expo+metro-runtime@6.1.2_@types+react@19.1.17_expo-constants@18.0.12_expo_3sj2ycfapbhp6boklfcgjzvrty/node_modules/expo-router/entry.bundle?platform=web&dev=true&hot=false&lazy=true&transform.routerRoot=app&transform.reactCompiler=true:28958
[  917498ms] [ERROR] Failed to load resource: net::ERR_CONNECTION_REFUSED @ http://localhost:3000/api/driver/requests:0
[  917498ms] [ERROR] [API] Request failed: TypeError: Failed to fetch
    at http://localhost:8091/node_modules/.pnpm/expo-router@6.0.19_@expo+metro-runtime@6.1.2_@types+react@19.1.17_expo-constants@18.0.12_expo_3sj2ycfapbhp6boklfcgjzvrty/node_modules/expo-router/entry.bundle?platform=web&dev=true&hot=false&lazy=true&transform.routerRoot=app&transform.reactCompiler=true:142042:24
    at apiCall (http://localhost:8091/node_modules/.pnpm/expo-router@6.0.19_@expo+metro-runtime@6.1.2_@types+react@19.1.17_expo-constants@18.0.12_expo_3sj2ycfapbhp6boklfcgjzvrty/node_modules/expo-router/entry.bundle?platform=web&dev=true&hot=false&lazy=true&transform.routerRoot=app&transform.reactCompiler=true:142050:9) @ http://localhost:8091/node_modules/.pnpm/expo-router@6.0.19_@expo+metro-runtime@6.1.2_@types+react@19.1.17_expo-constants@18.0.12_expo_3sj2ycfapbhp6boklfcgjzvrty/node_modules/expo-router/entry.bundle?platform=web&dev=true&hot=false&lazy=true&transform.routerRoot=app&transform.reactCompiler=true:28958
[  918058ms] [ERROR] Failed to load resource: net::ERR_CONNECTION_REFUSED @ http://localhost:3000/api/driver/dashboard:0
[  918058ms] [ERROR] [API] Request failed: TypeError: Failed to fetch
    at http://localhost:8091/node_modules/.pnpm/expo-router@6.0.19_@expo+metro-runtime@6.1.2_@types+react@19.1.17_expo-constants@18.0.12_expo_3sj2ycfapbhp6boklfcgjzvrty/node_modules/expo-router/entry.bundle?platform=web&dev=true&hot=false&lazy=true&transform.routerRoot=app&transform.reactCompiler=true:142042:24
    at apiCall (http://localhost:8091/node_modules/.pnpm/expo-router@6.0.19_@expo+metro-runtime@6.1.2_@types+react@19.1.17_expo-constants@18.0.12_expo_3sj2ycfapbhp6boklfcgjzvrty/node_modules/expo-router/entry.bundle?platform=web&dev=true&hot=false&lazy=true&transform.routerRoot=app&transform.reactCompiler=true:142050:9) @ http://localhost:8091/node_modules/.pnpm/expo-router@6.0.19_@expo+metro-runtime@6.1.2_@types+react@19.1.17_expo-constants@18.0.12_expo_3sj2ycfapbhp6boklfcgjzvrty/node_modules/expo-router/entry.bundle?platform=web&dev=true&hot=false&lazy=true&transform.routerRoot=app&transform.reactCompiler=true:28958
[  922495ms] [ERROR] Failed to load resource: net::ERR_CONNECTION_REFUSED @ http://localhost:3000/api/driver/requests:0
[  922497ms] [ERROR] [API] Request failed: TypeError: Failed to fetch
    at http://localhost:8091/node_modules/.pnpm/expo-router@6.0.19_@expo+metro-runtime@6.1.2_@types+react@19.1.17_expo-constants@18.0.12_expo_3sj2ycfapbhp6boklfcgjzvrty/node_modules/expo-router/entry.bundle?platform=web&dev=true&hot=false&lazy=true&transform.routerRoot=app&transform.reactCompiler=true:142042:24
    at apiCall (http://localhost:8091/node_modules/.pnpm/expo-router@6.0.19_@expo+metro-runtime@6.1.2_@types+react@19.1.17_expo-constants@18.0.12_expo_3sj2ycfapbhp6boklfcgjzvrty/node_modules/expo-router/entry.bundle?platform=web&dev=true&hot=false&lazy=true&transform.routerRoot=app&transform.reactCompiler=true:142050:9) @ http://localhost:8091/node_modules/.pnpm/expo-router@6.0.19_@expo+metro-runtime@6.1.2_@types+react@19.1.17_expo-constants@18.0.12_expo_3sj2ycfapbhp6boklfcgjzvrty/node_modules/expo-router/entry.bundle?platform=web&dev=true&hot=false&lazy=true&transform.routerRoot=app&transform.reactCompiler=true:28958
[  923054ms] [ERROR] Failed to load resource: net::ERR_CONNECTION_REFUSED @ http://localhost:3000/api/driver/dashboard:0
[  923055ms] [ERROR] [API] Request failed: TypeError: Failed to fetch
    at http://localhost:8091/node_modules/.pnpm/expo-router@6.0.19_@expo+metro-runtime@6.1.2_@types+react@19.1.17_expo-constants@18.0.12_expo_3sj2ycfapbhp6boklfcgjzvrty/node_modules/expo-router/entry.bundle?platform=web&dev=true&hot=false&lazy=true&transform.routerRoot=app&transform.reactCompiler=true:142042:24
    at apiCall (http://localhost:8091/node_modules/.pnpm/expo-router@6.0.19_@expo+metro-runtime@6.1.2_@types+react@19.1.17_expo-constants@18.0.12_expo_3sj2ycfapbhp6boklfcgjzvrty/node_modules/expo-router/entry.bundle?platform=web&dev=true&hot=false&lazy=true&transform.routerRoot=app&transform.reactCompiler=true:142050:9) @ http://localhost:8091/node_modules/.pnpm/expo-router@6.0.19_@expo+metro-runtime@6.1.2_@types+react@19.1.17_expo-constants@18.0.12_expo_3sj2ycfapbhp6boklfcgjzvrty/node_modules/expo-router/entry.bundle?platform=web&dev=true&hot=false&lazy=true&transform.routerRoot=app&transform.reactCompiler=true:28958
[  927506ms] [ERROR] Failed to load resource: net::ERR_CONNECTION_REFUSED @ http://localhost:3000/api/driver/requests:0
[  927506ms] [ERROR] [API] Request failed: TypeError: Failed to fetch
    at http://localhost:8091/node_modules/.pnpm/expo-router@6.0.19_@expo+metro-runtime@6.1.2_@types+react@19.1.17_expo-constants@18.0.12_expo_3sj2ycfapbhp6boklfcgjzvrty/node_modules/expo-router/entry.bundle?platform=web&dev=true&hot=false&lazy=true&transform.routerRoot=app&transform.reactCompiler=true:142042:24
    at apiCall (http://localhost:8091/node_modules/.pnpm/expo-router@6.0.19_@expo+metro-runtime@6.1.2_@types+react@19.1.17_expo-constants@18.0.12_expo_3sj2ycfapbhp6boklfcgjzvrty/node_modules/expo-router/entry.bundle?platform=web&dev=true&hot=false&lazy=true&transform.routerRoot=app&transform.reactCompiler=true:142050:9) @ http://localhost:8091/node_modules/.pnpm/expo-router@6.0.19_@expo+metro-runtime@6.1.2_@types+react@19.1.17_expo-constants@18.0.12_expo_3sj2ycfapbhp6boklfcgjzvrty/node_modules/expo-router/entry.bundle?platform=web&dev=true&hot=false&lazy=true&transform.routerRoot=app&transform.reactCompiler=true:28958
[  928060ms] [ERROR] Failed to load resource: net::ERR_CONNECTION_REFUSED @ http://localhost:3000/api/driver/dashboard:0
[  928061ms] [ERROR] [API] Request failed: TypeError: Failed to fetch
    at http://localhost:8091/node_modules/.pnpm/expo-router@6.0.19_@expo+metro-runtime@6.1.2_@types+react@19.1.17_expo-constants@18.0.12_expo_3sj2ycfapbhp6boklfcgjzvrty/node_modules/expo-router/entry.bundle?platform=web&dev=true&hot=false&lazy=true&transform.routerRoot=app&transform.reactCompiler=true:142042:24
    at apiCall (http://localhost:8091/node_modules/.pnpm/expo-router@6.0.19_@expo+metro-runtime@6.1.2_@types+react@19.1.17_expo-constants@18.0.12_expo_3sj2ycfapbhp6boklfcgjzvrty/node_modules/expo-router/entry.bundle?platform=web&dev=true&hot=false&lazy=true&transform.routerRoot=app&transform.reactCompiler=true:142050:9) @ http://localhost:8091/node_modules/.pnpm/expo-router@6.0.19_@expo+metro-runtime@6.1.2_@types+react@19.1.17_expo-constants@18.0.12_expo_3sj2ycfapbhp6boklfcgjzvrty/node_modules/expo-router/entry.bundle?platform=web&dev=true&hot=false&lazy=true&transform.routerRoot=app&transform.reactCompiler=true:28958
[  932508ms] [ERROR] Failed to load resource: net::ERR_CONNECTION_REFUSED @ http://localhost:3000/api/driver/requests:0
[  932508ms] [ERROR] [API] Request failed: TypeError: Failed to fetch
    at http://localhost:8091/node_modules/.pnpm/expo-router@6.0.19_@expo+metro-runtime@6.1.2_@types+react@19.1.17_expo-constants@18.0.12_expo_3sj2ycfapbhp6boklfcgjzvrty/node_modules/expo-router/entry.bundle?platform=web&dev=true&hot=false&lazy=true&transform.routerRoot=app&transform.reactCompiler=true:142042:24
    at apiCall (http://localhost:8091/node_modules/.pnpm/expo-router@6.0.19_@expo+metro-runtime@6.1.2_@types+react@19.1.17_expo-constants@18.0.12_expo_3sj2ycfapbhp6boklfcgjzvrty/node_modules/expo-router/entry.bundle?platform=web&dev=true&hot=false&lazy=true&transform.routerRoot=app&transform.reactCompiler=true:142050:9) @ http://localhost:8091/node_modules/.pnpm/expo-router@6.0.19_@expo+metro-runtime@6.1.2_@types+react@19.1.17_expo-constants@18.0.12_expo_3sj2ycfapbhp6boklfcgjzvrty/node_modules/expo-router/entry.bundle?platform=web&dev=true&hot=false&lazy=true&transform.routerRoot=app&transform.reactCompiler=true:28958
[  933050ms] [ERROR] Failed to load resource: net::ERR_CONNECTION_REFUSED @ http://localhost:3000/api/driver/dashboard:0
[  933050ms] [ERROR] [API] Request failed: TypeError: Failed to fetch
    at http://localhost:8091/node_modules/.pnpm/expo-router@6.0.19_@expo+metro-runtime@6.1.2_@types+react@19.1.17_expo-constants@18.0.12_expo_3sj2ycfapbhp6boklfcgjzvrty/node_modules/expo-router/entry.bundle?platform=web&dev=true&hot=false&lazy=true&transform.routerRoot=app&transform.reactCompiler=true:142042:24
    at apiCall (http://localhost:8091/node_modules/.pnpm/expo-router@6.0.19_@expo+metro-runtime@6.1.2_@types+react@19.1.17_expo-constants@18.0.12_expo_3sj2ycfapbhp6boklfcgjzvrty/node_modules/expo-router/entry.bundle?platform=web&dev=true&hot=false&lazy=true&transform.routerRoot=app&transform.reactCompiler=true:142050:9) @ http://localhost:8091/node_modules/.pnpm/expo-router@6.0.19_@expo+metro-runtime@6.1.2_@types+react@19.1.17_expo-constants@18.0.12_expo_3sj2ycfapbhp6boklfcgjzvrty/node_modules/expo-router/entry.bundle?platform=web&dev=true&hot=false&lazy=true&transform.routerRoot=app&transform.reactCompiler=true:28958
[  937491ms] [ERROR] Failed to load resource: net::ERR_CONNECTION_REFUSED @ http://localhost:3000/api/driver/requests:0
[  937491ms] [ERROR] [API] Request failed: TypeError: Failed to fetch
    at http://localhost:8091/node_modules/.pnpm/expo-router@6.0.19_@expo+metro-runtime@6.1.2_@types+react@19.1.17_expo-constants@18.0.12_expo_3sj2ycfapbhp6boklfcgjzvrty/node_modules/expo-router/entry.bundle?platform=web&dev=true&hot=false&lazy=true&transform.routerRoot=app&transform.reactCompiler=true:142042:24
    at apiCall (http://localhost:8091/node_modules/.pnpm/expo-router@6.0.19_@expo+metro-runtime@6.1.2_@types+react@19.1.17_expo-constants@18.0.12_expo_3sj2ycfapbhp6boklfcgjzvrty/node_modules/expo-router/entry.bundle?platform=web&dev=true&hot=false&lazy=true&transform.routerRoot=app&transform.reactCompiler=true:142050:9) @ http://localhost:8091/node_modules/.pnpm/expo-router@6.0.19_@expo+metro-runtime@6.1.2_@types+react@19.1.17_expo-constants@18.0.12_expo_3sj2ycfapbhp6boklfcgjzvrty/node_modules/expo-router/entry.bundle?platform=web&dev=true&hot=false&lazy=true&transform.routerRoot=app&transform.reactCompiler=true:28958
[  938052ms] [ERROR] Failed to load resource: net::ERR_CONNECTION_REFUSED @ http://localhost:3000/api/driver/dashboard:0
[  938052ms] [ERROR] [API] Request failed: TypeError: Failed to fetch
    at http://localhost:8091/node_modules/.pnpm/expo-router@6.0.19_@expo+metro-runtime@6.1.2_@types+react@19.1.17_expo-constants@18.0.12_expo_3sj2ycfapbhp6boklfcgjzvrty/node_modules/expo-router/entry.bundle?platform=web&dev=true&hot=false&lazy=true&transform.routerRoot=app&transform.reactCompiler=true:142042:24
    at apiCall (http://localhost:8091/node_modules/.pnpm/expo-router@6.0.19_@expo+metro-runtime@6.1.2_@types+react@19.1.17_expo-constants@18.0.12_expo_3sj2ycfapbhp6boklfcgjzvrty/node_modules/expo-router/entry.bundle?platform=web&dev=true&hot=false&lazy=true&transform.routerRoot=app&transform.reactCompiler=true:142050:9) @ http://localhost:8091/node_modules/.pnpm/expo-router@6.0.19_@expo+metro-runtime@6.1.2_@types+react@19.1.17_expo-constants@18.0.12_expo_3sj2ycfapbhp6boklfcgjzvrty/node_modules/expo-router/entry.bundle?platform=web&dev=true&hot=false&lazy=true&transform.routerRoot=app&transform.reactCompiler=true:28958
